employees:
  - id: "1"
    first_name: "Taro"
    last_name: "Yamada"
    another_column: "a"
