employees:
  - id: "2"
    first_name: "Kotaro"
    last_name: "Suzuki"
  - id: "1"
    first_name: "Taro"
    last_name: "Yamada"
